ARM Linker, 5.02 [Build 28] [MDK-ARM Lite]

==============================================================================

Section Cross References

    startup_lpc17xx.o(RESET) refers to startup_lpc17xx.o(STACK) for __initial_sp
    startup_lpc17xx.o(RESET) refers to startup_lpc17xx.o(.text) for Reset_Handler
    startup_lpc17xx.o(RESET) refers to hal.o(.emb_text) for SVC_Handler
    startup_lpc17xx.o(.text) refers to entry.o(.ARM.Collect$$$$00000000) for __main
    main_svc.o(.text) refers to system_lpc17xx.o(.text) for SystemInit
    main_svc.o(.text) refers to uart_polling.o(.text) for uart_init
    main_svc.o(.text) refers to printf.o(.text) for init_printf
    main_svc.o(.text) refers to rtx.o(.text) for k_mem_init
    system_lpc17xx.o(.text) refers to system_lpc17xx.o(.data) for SystemFrequency
    printf.o(.text) refers to printf.o(.data) for stdout_putf
    rtx.o(.text) refers to printf.o(.text) for tfp_printf
    rtx.o(.text) refers to uart_polling.o(.text) for uart_put_string
    rtx.o(.text) refers to rtx.o(.data) for p_mem_head
    entry.o(.ARM.Collect$$$$00000000) refers (Special) to entry7b.o(.ARM.Collect$$$$00000008) for _main_clock
    entry.o(.ARM.Collect$$$$00000000) refers (Special) to entry8.o(.ARM.Collect$$$$00000009) for _main_init
    entry.o(.ARM.Collect$$$$00000000) refers (Special) to entry5.o(.ARM.Collect$$$$00000004) for _main_scatterload
    entry.o(.ARM.Collect$$$$00000000) refers (Special) to entry2.o(.ARM.Collect$$$$00000001) for _main_stk
    entry2.o(.ARM.Collect$$$$00000001) refers to entry2.o(.ARM.Collect$$$$00002712) for __lit__00000000
    entry2.o(.ARM.Collect$$$$00002712) refers to startup_lpc17xx.o(STACK) for __initial_sp
    entry2.o(__vectab_stack_and_reset_area) refers to startup_lpc17xx.o(STACK) for __initial_sp
    entry2.o(__vectab_stack_and_reset_area) refers to entry.o(.ARM.Collect$$$$00000000) for __main
    entry5.o(.ARM.Collect$$$$00000004) refers to init.o(.text) for __scatterload
    entry8.o(.ARM.Collect$$$$00000009) refers to main_svc.o(.text) for main
    init.o(.text) refers to entry5.o(.ARM.Collect$$$$00000004) for __main_after_scatterload


==============================================================================

Removing Unused input sections from the image.

    Removing startup_lpc17xx.o(HEAP), (0 bytes).
    Removing main_svc.o(.rev16_text), (4 bytes).
    Removing main_svc.o(.revsh_text), (4 bytes).
    Removing system_lpc17xx.o(.rev16_text), (4 bytes).
    Removing system_lpc17xx.o(.revsh_text), (4 bytes).
    Removing uart_polling.o(.rev16_text), (4 bytes).
    Removing uart_polling.o(.revsh_text), (4 bytes).

7 unused section(s) (total 24 bytes) removed from the image.

==============================================================================

Image Symbol Table

    Local Symbols

    Symbol Name                              Value     Ov Type        Size  Object(Section)

    ../clib/microlib/init/entry.s            0x00000000   Number         0  entry8.o ABSOLUTE
    ../clib/microlib/init/entry.s            0x00000000   Number         0  entry7b.o ABSOLUTE
    ../clib/microlib/init/entry.s            0x00000000   Number         0  entry7a.o ABSOLUTE
    ../clib/microlib/init/entry.s            0x00000000   Number         0  entry.o ABSOLUTE
    ../clib/microlib/init/entry.s            0x00000000   Number         0  entry5.o ABSOLUTE
    ../clib/microlib/init/entry.s            0x00000000   Number         0  entry2.o ABSOLUTE
    dc.s                                     0x00000000   Number         0  dc.o ABSOLUTE
    handlers.s                               0x00000000   Number         0  handlers.o ABSOLUTE
    init.s                                   0x00000000   Number         0  init.o ABSOLUTE
    src\HAL.c                                0x00000000   Number         0  hal.o ABSOLUTE
    src\\HAL.c                               0x00000000   Number         0  hal.o ABSOLUTE
    src\\main_svc.c                          0x00000000   Number         0  main_svc.o ABSOLUTE
    src\\system_LPC17xx.c                    0x00000000   Number         0  system_lpc17xx.o ABSOLUTE
    src\\uart_polling.c                      0x00000000   Number         0  uart_polling.o ABSOLUTE
    src\main_svc.c                           0x00000000   Number         0  main_svc.o ABSOLUTE
    src\printf.c                             0x00000000   Number         0  printf.o ABSOLUTE
    src\rtx.c                                0x00000000   Number         0  rtx.o ABSOLUTE
    src\startup_LPC17xx.s                    0x00000000   Number         0  startup_lpc17xx.o ABSOLUTE
    src\system_LPC17xx.c                     0x00000000   Number         0  system_lpc17xx.o ABSOLUTE
    src\uart_polling.c                       0x00000000   Number         0  uart_polling.o ABSOLUTE
    .ARM.__at_0x02FC                         0x000002fc   Section        4  startup_lpc17xx.o(.ARM.__at_0x02FC)
    RESET                                    0x10000000   Section      204  startup_lpc17xx.o(RESET)
    .ARM.Collect$$$$00000000                 0x100000cc   Section        0  entry.o(.ARM.Collect$$$$00000000)
    .ARM.Collect$$$$00000001                 0x100000cc   Section        4  entry2.o(.ARM.Collect$$$$00000001)
    .ARM.Collect$$$$00000004                 0x100000d0   Section        4  entry5.o(.ARM.Collect$$$$00000004)
    .ARM.Collect$$$$00000008                 0x100000d4   Section        0  entry7b.o(.ARM.Collect$$$$00000008)
    .ARM.Collect$$$$00000009                 0x100000d4   Section        8  entry8.o(.ARM.Collect$$$$00000009)
    .ARM.Collect$$$$00002712                 0x100000dc   Section        4  entry2.o(.ARM.Collect$$$$00002712)
    __lit__00000000                          0x100000dc   Data           4  entry2.o(.ARM.Collect$$$$00002712)
    .emb_text                                0x100000e0   Section       50  hal.o(.emb_text)
    .text                                    0x10000114   Section       28  startup_lpc17xx.o(.text)
    .text                                    0x10000130   Section        0  main_svc.o(.text)
    .text                                    0x100001b4   Section        0  system_lpc17xx.o(.text)
    .text                                    0x100003d0   Section        0  uart_polling.o(.text)
    .text                                    0x100004f4   Section        0  printf.o(.text)
    ui2a                                     0x100004f5   Thumb Code    86  printf.o(.text)
    i2a                                      0x1000054b   Thumb Code    32  printf.o(.text)
    a2d                                      0x1000056b   Thumb Code    50  printf.o(.text)
    a2i                                      0x1000059d   Thumb Code    58  printf.o(.text)
    putchw                                   0x100005d7   Thumb Code    82  printf.o(.text)
    putcp                                    0x1000077d   Thumb Code    10  printf.o(.text)
    .text                                    0x100007b8   Section        0  rtx.o(.text)
    .text                                    0x10000914   Section       36  init.o(.text)
    i.__scatterload_copy                     0x10000938   Section       14  handlers.o(i.__scatterload_copy)
    i.__scatterload_null                     0x10000946   Section        2  handlers.o(i.__scatterload_null)
    i.__scatterload_zeroinit                 0x10000948   Section       14  handlers.o(i.__scatterload_zeroinit)
    .data                                    0x10004000   Section        4  system_lpc17xx.o(.data)
    .data                                    0x10004004   Section        8  printf.o(.data)
    stdout_putf                              0x10004004   Data           4  printf.o(.data)
    stdout_putp                              0x10004008   Data           4  printf.o(.data)
    .data                                    0x1000400c   Section        8  rtx.o(.data)
    STACK                                    0x10004018   Section      512  startup_lpc17xx.o(STACK)

    Global Symbols

    Symbol Name                              Value     Ov Type        Size  Object(Section)

    BuildAttributes$$THM_ISAv4$P$D$K$B$S$PE$A:L22UL41UL21$X:L11$S22US41US21$IEEE1$IW$USESV6$~STKCKD$USESV7$~SHL$OSPACE$EBA8$MICROLIB$REQ8$PRES8$EABIv2 0x00000000   Number         0  anon$$obj.o ABSOLUTE
    __ARM_use_no_argv                        0x00000000   Number         0  main_svc.o ABSOLUTE
    __decompress                              - Undefined Weak Reference
    _clock_init                               - Undefined Weak Reference
    __Vectors                                0x10000000   Data           4  startup_lpc17xx.o(RESET)
    __main                                   0x100000cd   Thumb Code     0  entry.o(.ARM.Collect$$$$00000000)
    _main_stk                                0x100000cd   Thumb Code     0  entry2.o(.ARM.Collect$$$$00000001)
    _main_scatterload                        0x100000d1   Thumb Code     0  entry5.o(.ARM.Collect$$$$00000004)
    __main_after_scatterload                 0x100000d5   Thumb Code     0  entry5.o(.ARM.Collect$$$$00000004)
    _main_clock                              0x100000d5   Thumb Code     0  entry7b.o(.ARM.Collect$$$$00000008)
    _main_init                               0x100000d5   Thumb Code     0  entry8.o(.ARM.Collect$$$$00000009)
    __rte                                    0x100000e1   Thumb Code     6  hal.o(.emb_text)
    SVC_Handler                              0x100000e7   Thumb Code    44  hal.o(.emb_text)
    Reset_Handler                            0x10000115   Thumb Code     4  startup_lpc17xx.o(.text)
    NMI_Handler                              0x10000119   Thumb Code     2  startup_lpc17xx.o(.text)
    HardFault_Handler                        0x1000011b   Thumb Code     2  startup_lpc17xx.o(.text)
    MemManage_Handler                        0x1000011d   Thumb Code     2  startup_lpc17xx.o(.text)
    BusFault_Handler                         0x1000011f   Thumb Code     2  startup_lpc17xx.o(.text)
    UsageFault_Handler                       0x10000121   Thumb Code     2  startup_lpc17xx.o(.text)
    DebugMon_Handler                         0x10000125   Thumb Code     2  startup_lpc17xx.o(.text)
    PendSV_Handler                           0x10000127   Thumb Code     2  startup_lpc17xx.o(.text)
    SysTick_Handler                          0x10000129   Thumb Code     2  startup_lpc17xx.o(.text)
    ADC_IRQHandler                           0x1000012b   Thumb Code     0  startup_lpc17xx.o(.text)
    BOD_IRQHandler                           0x1000012b   Thumb Code     0  startup_lpc17xx.o(.text)
    CANActivity_IRQHandler                   0x1000012b   Thumb Code     0  startup_lpc17xx.o(.text)
    CAN_IRQHandler                           0x1000012b   Thumb Code     0  startup_lpc17xx.o(.text)
    DMA_IRQHandler                           0x1000012b   Thumb Code     0  startup_lpc17xx.o(.text)
    EINT0_IRQHandler                         0x1000012b   Thumb Code     0  startup_lpc17xx.o(.text)
    EINT1_IRQHandler                         0x1000012b   Thumb Code     0  startup_lpc17xx.o(.text)
    EINT2_IRQHandler                         0x1000012b   Thumb Code     0  startup_lpc17xx.o(.text)
    EINT3_IRQHandler                         0x1000012b   Thumb Code     0  startup_lpc17xx.o(.text)
    ENET_IRQHandler                          0x1000012b   Thumb Code     0  startup_lpc17xx.o(.text)
    I2C0_IRQHandler                          0x1000012b   Thumb Code     0  startup_lpc17xx.o(.text)
    I2C1_IRQHandler                          0x1000012b   Thumb Code     0  startup_lpc17xx.o(.text)
    I2C2_IRQHandler                          0x1000012b   Thumb Code     0  startup_lpc17xx.o(.text)
    I2S_IRQHandler                           0x1000012b   Thumb Code     0  startup_lpc17xx.o(.text)
    MCPWM_IRQHandler                         0x1000012b   Thumb Code     0  startup_lpc17xx.o(.text)
    PLL0_IRQHandler                          0x1000012b   Thumb Code     0  startup_lpc17xx.o(.text)
    PLL1_IRQHandler                          0x1000012b   Thumb Code     0  startup_lpc17xx.o(.text)
    PWM1_IRQHandler                          0x1000012b   Thumb Code     0  startup_lpc17xx.o(.text)
    QEI_IRQHandler                           0x1000012b   Thumb Code     0  startup_lpc17xx.o(.text)
    RIT_IRQHandler                           0x1000012b   Thumb Code     0  startup_lpc17xx.o(.text)
    RTC_IRQHandler                           0x1000012b   Thumb Code     0  startup_lpc17xx.o(.text)
    SPI_IRQHandler                           0x1000012b   Thumb Code     0  startup_lpc17xx.o(.text)
    SSP0_IRQHandler                          0x1000012b   Thumb Code     0  startup_lpc17xx.o(.text)
    SSP1_IRQHandler                          0x1000012b   Thumb Code     0  startup_lpc17xx.o(.text)
    TIMER0_IRQHandler                        0x1000012b   Thumb Code     0  startup_lpc17xx.o(.text)
    TIMER1_IRQHandler                        0x1000012b   Thumb Code     0  startup_lpc17xx.o(.text)
    TIMER2_IRQHandler                        0x1000012b   Thumb Code     0  startup_lpc17xx.o(.text)
    TIMER3_IRQHandler                        0x1000012b   Thumb Code     0  startup_lpc17xx.o(.text)
    UART0_IRQHandler                         0x1000012b   Thumb Code     0  startup_lpc17xx.o(.text)
    UART1_IRQHandler                         0x1000012b   Thumb Code     0  startup_lpc17xx.o(.text)
    UART2_IRQHandler                         0x1000012b   Thumb Code     0  startup_lpc17xx.o(.text)
    UART3_IRQHandler                         0x1000012b   Thumb Code     0  startup_lpc17xx.o(.text)
    USBActivity_IRQHandler                   0x1000012b   Thumb Code     0  startup_lpc17xx.o(.text)
    USB_IRQHandler                           0x1000012b   Thumb Code     0  startup_lpc17xx.o(.text)
    WDT_IRQHandler                           0x1000012b   Thumb Code     0  startup_lpc17xx.o(.text)
    main                                     0x10000131   Thumb Code    90  main_svc.o(.text)
    SystemInit                               0x100001b5   Thumb Code   476  system_lpc17xx.o(.text)
    uart_init                                0x100003d1   Thumb Code    96  uart_polling.o(.text)
    uart_get_char                            0x10000431   Thumb Code    36  uart_polling.o(.text)
    uart_put_char                            0x10000455   Thumb Code    40  uart_polling.o(.text)
    uart_put_string                          0x1000047d   Thumb Code    38  uart_polling.o(.text)
    putc                                     0x100004a3   Thumb Code    28  uart_polling.o(.text)
    tfp_format                               0x10000629   Thumb Code   296  printf.o(.text)
    init_printf                              0x10000751   Thumb Code    10  printf.o(.text)
    tfp_printf                               0x1000075b   Thumb Code    34  printf.o(.text)
    tfp_sprintf                              0x10000787   Thumb Code    38  printf.o(.text)
    k_mem_init                               0x100007b9   Thumb Code    66  rtx.o(.text)
    k_release_processor                      0x100007fb   Thumb Code    14  rtx.o(.text)
    k_request_memory_block                   0x10000809   Thumb Code    16  rtx.o(.text)
    k_release_memory_block                   0x10000819   Thumb Code    16  rtx.o(.text)
    __scatterload                            0x10000915   Thumb Code    28  init.o(.text)
    __scatterload_rt2                        0x10000915   Thumb Code     0  init.o(.text)
    __scatterload_copy                       0x10000939   Thumb Code    14  handlers.o(i.__scatterload_copy)
    __scatterload_null                       0x10000947   Thumb Code     2  handlers.o(i.__scatterload_null)
    __scatterload_zeroinit                   0x10000949   Thumb Code    14  handlers.o(i.__scatterload_zeroinit)
    Region$$Table$$Base                      0x10000958   Number         0  anon$$obj.o(Region$$Table)
    Region$$Table$$Limit                     0x10000978   Number         0  anon$$obj.o(Region$$Table)
    SystemFrequency                          0x10004000   Data           4  system_lpc17xx.o(.data)
    MEM_BLK_SIZE                             0x1000400c   Data           4  rtx.o(.data)
    p_mem_head                               0x10004010   Data           4  rtx.o(.data)
    Image$$RW_IRAM1$$ZI$$Limit               0x10004218   Number         0  startup_lpc17xx.o(STACK)
    __initial_sp                             0x10004218   Data           0  startup_lpc17xx.o(STACK)



==============================================================================

Memory Map of the image

  Image Entry point : 0x100000cd

  Load Region LR_IROM1 (Base: 0x10000000, Size: 0x0000098c, Max: 0x00004000, ABSOLUTE)

    Execution Region ER_IROM1 (Base: 0x10000000, Size: 0x00000978, Max: 0x00004000, ABSOLUTE)

    Base Addr    Size         Type   Attr      Idx    E Section Name        Object

    0x10000000   0x000000cc   Data   RO            3    RESET               startup_lpc17xx.o
    0x100000cc   0x00000000   Code   RO          149  * .ARM.Collect$$$$00000000  mc_w.l(entry.o)
    0x100000cc   0x00000004   Code   RO          152    .ARM.Collect$$$$00000001  mc_w.l(entry2.o)
    0x100000d0   0x00000004   Code   RO          155    .ARM.Collect$$$$00000004  mc_w.l(entry5.o)
    0x100000d4   0x00000000   Code   RO          157    .ARM.Collect$$$$00000008  mc_w.l(entry7b.o)
    0x100000d4   0x00000008   Code   RO          158    .ARM.Collect$$$$00000009  mc_w.l(entry8.o)
    0x100000dc   0x00000004   Code   RO          153    .ARM.Collect$$$$00002712  mc_w.l(entry2.o)
    0x100000e0   0x00000032   Code   RO          142    .emb_text           hal.o
    0x10000112   0x00000002   PAD
    0x10000114   0x0000001c   Code   RO            5    .text               startup_lpc17xx.o
    0x10000130   0x00000084   Code   RO           15    .text               main_svc.o
    0x100001b4   0x0000021c   Code   RO           68    .text               system_lpc17xx.o
    0x100003d0   0x00000124   Code   RO           94    .text               uart_polling.o
    0x100004f4   0x000002c4   Code   RO          112    .text               printf.o
    0x100007b8   0x0000015c   Code   RO          126    .text               rtx.o
    0x10000914   0x00000024   Code   RO          159    .text               mc_w.l(init.o)
    0x10000938   0x0000000e   Code   RO          163    i.__scatterload_copy  mc_w.l(handlers.o)
    0x10000946   0x00000002   Code   RO          164    i.__scatterload_null  mc_w.l(handlers.o)
    0x10000948   0x0000000e   Code   RO          165    i.__scatterload_zeroinit  mc_w.l(handlers.o)
    0x10000956   0x00000002   PAD
    0x10000958   0x00000020   Data   RO          161    Region$$Table       anon$$obj.o


    Execution Region RW_IRAM1 (Base: 0x10004000, Size: 0x00000218, Max: 0x00004000, ABSOLUTE)

    Base Addr    Size         Type   Attr      Idx    E Section Name        Object

    0x10004000   0x00000004   Data   RW           69    .data               system_lpc17xx.o
    0x10004004   0x00000008   Data   RW          113    .data               printf.o
    0x1000400c   0x00000008   Data   RW          127    .data               rtx.o
    0x10004014   0x00000004   PAD
    0x10004018   0x00000200   Zero   RW            1    STACK               startup_lpc17xx.o



  Load Region LR$$.ARM.__at_0x02FC (Base: 0x000002fc, Size: 0x00000004, Max: 0x00000004, ABSOLUTE)

    Execution Region ER$$.ARM.__at_0x02FC (Base: 0x000002fc, Size: 0x00000004, Max: 0x00000004, ABSOLUTE, UNINIT)

    Base Addr    Size         Type   Attr      Idx    E Section Name        Object

    0x000002fc   0x00000004   Code   RO            4    .ARM.__at_0x02FC    startup_lpc17xx.o


==============================================================================

Image component sizes


      Code (inc. data)   RO Data    RW Data    ZI Data      Debug   Object Name

        50          0          0          0          0        316   hal.o
       132         42          0          0          0      23311   main_svc.o
       708         12          0          8          0       3428   printf.o
       348        236          0          8          0       1670   rtx.o
        32          8        204          0        512        912   startup_lpc17xx.o
       540         64          0          4          0        707   system_lpc17xx.o
       292         54          0          0          0       1941   uart_polling.o

    ----------------------------------------------------------------------
      2104        416        236         20        516      32285   Object Totals
         0          0         32          0          0          0   (incl. Generated)
         2          0          0          0          4          0   (incl. Padding)

    ----------------------------------------------------------------------

      Code (inc. data)   RO Data    RW Data    ZI Data      Debug   Library Member Name

         0          0          0          0          0          0   entry.o
         8          4          0          0          0          0   entry2.o
         4          0          0          0          0          0   entry5.o
         0          0          0          0          0          0   entry7b.o
         8          4          0          0          0          0   entry8.o
        30          0          0          0          0          0   handlers.o
        36          8          0          0          0         68   init.o

    ----------------------------------------------------------------------
        88         16          0          0          0         68   Library Totals
         2          0          0          0          0          0   (incl. Padding)

    ----------------------------------------------------------------------

      Code (inc. data)   RO Data    RW Data    ZI Data      Debug   Library Name

        86         16          0          0          0         68   mc_w.l

    ----------------------------------------------------------------------
        88         16          0          0          0         68   Library Totals

    ----------------------------------------------------------------------

==============================================================================


      Code (inc. data)   RO Data    RW Data    ZI Data      Debug   

      2192        432        236         20        516      32041   Grand Totals
      2192        432        236         20        516      32041   ELF Image Totals
      2192        432        236         20          0          0   ROM Totals

==============================================================================

    Total RO  Size (Code + RO Data)                 2428 (   2.37kB)
    Total RW  Size (RW Data + ZI Data)               536 (   0.52kB)
    Total ROM Size (Code + RO Data + RW Data)       2448 (   2.39kB)

==============================================================================

