<html>
<body>
<pre>
<h1>µVision Build Log</h1>
<h2>Project:</h2>
N:\MyDocuments\SE350\ItBrokeFixPlz\MongeeSE350\P3\p2.uvproj
Project File Date:  03/05/2016

<h2>Output:</h2>
Rebuild target 'P2'
assembling startup_LPC17xx.s...
compiling system_LPC17xx.c...
compiling uart_polling.c...
compiling printf.c...
compiling main_svc.c...
compiling uart_irq.c...
compiling timer.c...
compiling HAL.c...
compiling k_rtx_init.c...
compiling k_memory.c...
compiling k_process.c...
compiling sys_proc.c...
compiling usr_proc.c...
usr_proc.c: Error:  #5: cannot open source input file "src\usr_proc.c": No such file or directory
Target not created
Rebuild target 'P2'
assembling startup_LPC17xx.s...
compiling system_LPC17xx.c...
compiling uart_polling.c...
compiling printf.c...
compiling main_svc.c...
compiling uart_irq.c...
compiling timer.c...
compiling HAL.c...
compiling k_rtx_init.c...
compiling k_memory.c...
compiling k_process.c...
compiling sys_proc.c...
compiling user_proc.c...
compiling test_proc.c...
linking...
context_switching.axf: Error: L6218E: Undefined symbol str_copy (referred from user_proc.o).
context_switching.axf: Error: L6218E: Undefined symbol str_to_int (referred from user_proc.o).
Target not created
Rebuild target 'P2'
assembling startup_LPC17xx.s...
compiling system_LPC17xx.c...
compiling uart_polling.c...
compiling printf.c...
compiling main_svc.c...
compiling uart_irq.c...
compiling str_util.c...
compiling timer.c...
compiling HAL.c...
compiling k_rtx_init.c...
compiling k_memory.c...
compiling k_process.c...
compiling sys_proc.c...
compiling user_proc.c...
compiling test_proc.c...
linking...
Program Size: Code=9968 RO-data=436 RW-data=168 ZI-data=5184  
"context_switching.axf" - 0 Error(s), 0 Warning(s).
Load "N:\\MyDocuments\\SE350\\ItBrokeFixPlz\\MongeeSE350\\P3\\context_switching.AXF" 
No Algorithm found for: 10000000H - 10002947H
Partial Erase Done (areas with no algorithms skipped!)
No Algorithm found for: 10000000H - 10002947H
Partial Programming Done (areas with no algorithms skipped!)
Partial Verify OK (areas with no algorithms skipped!)
Rebuild target 'P2'
assembling startup_LPC17xx.s...
compiling system_LPC17xx.c...
compiling uart_polling.c...
compiling printf.c...
compiling main_svc.c...
compiling uart_irq.c...
compiling str_util.c...
compiling timer.c...
compiling HAL.c...
compiling k_rtx_init.c...
compiling k_memory.c...
compiling k_process.c...
compiling sys_proc.c...
compiling user_proc.c...
compiling test_proc.c...
linking...
Program Size: Code=9920 RO-data=436 RW-data=168 ZI-data=5184  
"context_switching.axf" - 0 Error(s), 0 Warning(s).
Load "N:\\MyDocuments\\SE350\\ItBrokeFixPlz\\MongeeSE350\\P3\\context_switching.AXF" 
No Algorithm found for: 10000000H - 10002917H
Partial Erase Done (areas with no algorithms skipped!)
No Algorithm found for: 10000000H - 10002917H
Partial Programming Done (areas with no algorithms skipped!)
Partial Verify OK (areas with no algorithms skipped!)
