<html>
<body>
<pre>
<h1>µVision Build Log</h1>
<h2>Project:</h2>
N:\MyDocuments\SE350\MongeeSE350\manual_code\SVC\SVC.uvproj
Project File Date:  01/18/2016

<h2>Output:</h2>
Load "N:\\MyDocuments\\SE350\\MongeeSE350\\manual_code\\SVC\\flash\\SVC.AXF" 
No Algorithm found for: 10000000H - 1000099FH
Partial Erase Done (areas with no algorithms skipped!)
No Algorithm found for: 10000000H - 1000099FH
Partial Programming Done (areas with no algorithms skipped!)
Partial Verify OK (areas with no algorithms skipped!)
Build target 'SVC SIM'
compiling rtx.c...
linking...
Program Size: Code=2208 RO-data=236 RW-data=20 ZI-data=516  
".\flash\SVC.axf" - 0 Error(s), 0 Warning(s).
Load "N:\\MyDocuments\\SE350\\MongeeSE350\\manual_code\\SVC\\flash\\SVC.AXF" 
No Algorithm found for: 10000000H - 1000099BH
Partial Erase Done (areas with no algorithms skipped!)
No Algorithm found for: 10000000H - 1000099BH
Partial Programming Done (areas with no algorithms skipped!)
Partial Verify OK (areas with no algorithms skipped!)
Build target 'SVC SIM'
compiling rtx.c...
linking...
Program Size: Code=2224 RO-data=236 RW-data=20 ZI-data=516  
".\flash\SVC.axf" - 0 Error(s), 0 Warning(s).
Load "N:\\MyDocuments\\SE350\\MongeeSE350\\manual_code\\SVC\\flash\\SVC.AXF" 
No Algorithm found for: 10000000H - 100009ABH
Partial Erase Done (areas with no algorithms skipped!)
No Algorithm found for: 10000000H - 100009ABH
Partial Programming Done (areas with no algorithms skipped!)
Partial Verify OK (areas with no algorithms skipped!)
Build target 'SVC SIM'
linking...
Program Size: Code=2224 RO-data=236 RW-data=20 ZI-data=516  
".\flash\SVC.axf" - 0 Error(s), 0 Warning(s).
Load "N:\\MyDocuments\\SE350\\MongeeSE350\\manual_code\\SVC\\flash\\SVC.AXF" 
No Algorithm found for: 10000000H - 100009ABH
Partial Erase Done (areas with no algorithms skipped!)
No Algorithm found for: 10000000H - 100009ABH
Partial Programming Done (areas with no algorithms skipped!)
Partial Verify OK (areas with no algorithms skipped!)
Build target 'SVC SIM'
compiling rtx.c...
linking...
Program Size: Code=2224 RO-data=236 RW-data=20 ZI-data=516  
".\flash\SVC.axf" - 0 Error(s), 0 Warning(s).
Load "N:\\MyDocuments\\SE350\\MongeeSE350\\manual_code\\SVC\\flash\\SVC.AXF" 
No Algorithm found for: 10000000H - 100009ABH
Partial Erase Done (areas with no algorithms skipped!)
No Algorithm found for: 10000000H - 100009ABH
Partial Programming Done (areas with no algorithms skipped!)
Partial Verify OK (areas with no algorithms skipped!)
Build target 'SVC SIM'
compiling rtx.c...
linking...
Program Size: Code=2224 RO-data=236 RW-data=20 ZI-data=516  
".\flash\SVC.axf" - 0 Error(s), 0 Warning(s).
Load "N:\\MyDocuments\\SE350\\MongeeSE350\\manual_code\\SVC\\flash\\SVC.AXF" 
No Algorithm found for: 10000000H - 100009ABH
Partial Erase Done (areas with no algorithms skipped!)
No Algorithm found for: 10000000H - 100009ABH
Partial Programming Done (areas with no algorithms skipped!)
Partial Verify OK (areas with no algorithms skipped!)
Build target 'SVC SIM'
compiling rtx.c...
linking...
Program Size: Code=2184 RO-data=236 RW-data=20 ZI-data=516  
".\flash\SVC.axf" - 0 Error(s), 0 Warning(s).
Load "N:\\MyDocuments\\SE350\\MongeeSE350\\manual_code\\SVC\\flash\\SVC.AXF" 
No Algorithm found for: 10000000H - 10000983H
Partial Erase Done (areas with no algorithms skipped!)
No Algorithm found for: 10000000H - 10000983H
Partial Programming Done (areas with no algorithms skipped!)
Partial Verify OK (areas with no algorithms skipped!)
Build target 'SVC SIM'
compiling rtx.c...
linking...
Program Size: Code=2184 RO-data=236 RW-data=20 ZI-data=516  
".\flash\SVC.axf" - 0 Error(s), 0 Warning(s).
Load "N:\\MyDocuments\\SE350\\MongeeSE350\\manual_code\\SVC\\flash\\SVC.AXF" 
No Algorithm found for: 10000000H - 10000983H
Partial Erase Done (areas with no algorithms skipped!)
No Algorithm found for: 10000000H - 10000983H
Partial Programming Done (areas with no algorithms skipped!)
Partial Verify OK (areas with no algorithms skipped!)
Build target 'SVC SIM'
compiling main_svc.c...
compiling rtx.c...
linking...
Program Size: Code=2196 RO-data=236 RW-data=20 ZI-data=516  
".\flash\SVC.axf" - 0 Error(s), 0 Warning(s).
Load "N:\\MyDocuments\\SE350\\MongeeSE350\\manual_code\\SVC\\flash\\SVC.AXF" 
No Algorithm found for: 10000000H - 1000098FH
Partial Erase Done (areas with no algorithms skipped!)
No Algorithm found for: 10000000H - 1000098FH
Partial Programming Done (areas with no algorithms skipped!)
Partial Verify OK (areas with no algorithms skipped!)
Build target 'SVC SIM'
compiling main_svc.c...
linking...
Program Size: Code=2196 RO-data=236 RW-data=20 ZI-data=516  
".\flash\SVC.axf" - 0 Error(s), 0 Warning(s).
Load "N:\\MyDocuments\\SE350\\MongeeSE350\\manual_code\\SVC\\flash\\SVC.AXF" 
No Algorithm found for: 10000000H - 1000098FH
Partial Erase Done (areas with no algorithms skipped!)
No Algorithm found for: 10000000H - 1000098FH
Partial Programming Done (areas with no algorithms skipped!)
Partial Verify OK (areas with no algorithms skipped!)
Build target 'SVC SIM'
compiling rtx.c...
src\rtx.c(40): error:  #852: expression must be a pointer to a complete object type
Target not created
Load "N:\\MyDocuments\\SE350\\MongeeSE350\\manual_code\\SVC\\flash\\SVC.AXF" 
_____^
*** error 56: cannot open file
Build target 'SVC SIM'
compiling rtx.c...
src\rtx.c(40): error:  #852: expression must be a pointer to a complete object type
Target not created
Build target 'SVC SIM'
compiling rtx.c...
src\rtx.c(40): error:  #513: a value of type "unsigned int" cannot be assigned to an entity of type "uint32_t *"
Target not created
Build target 'SVC SIM'
compiling rtx.c...
linking...
Program Size: Code=2192 RO-data=236 RW-data=20 ZI-data=516  
".\flash\SVC.axf" - 0 Error(s), 0 Warning(s).
Load "N:\\MyDocuments\\SE350\\MongeeSE350\\manual_code\\SVC\\flash\\SVC.AXF" 
No Algorithm found for: 10000000H - 1000098BH
Partial Erase Done (areas with no algorithms skipped!)
No Algorithm found for: 10000000H - 1000098BH
Partial Programming Done (areas with no algorithms skipped!)
Partial Verify OK (areas with no algorithms skipped!)
Build target 'SVC SIM'
assembling startup_LPC17xx.s...
compiling main_svc.c...
src\main_svc.c(27): error:  #20: identifier "Image$$RW_IRAM1$$ZI$$Limit" is undefined
compiling system_LPC17xx.c...
compiling uart_polling.c...
compiling printf.c...
compiling rtx.c...
compiling HAL.c...
Target not created
